2025-04-03 02:24:53,160 - mcp_lark_doc_manage.server - INFO - Initializing Lark client...
2025-04-03 02:24:53,162 - mcp_lark_doc_manage.server - INFO - Lark client initialized successfully
2025-04-03 02:24:53,162 - mcp_lark_doc_manage.server - INFO - Initializing FastMCP server...
2025-04-03 02:24:53,166 - mcp.server.lowlevel.server - DEBUG - Initializing server 'lark_doc'
2025-04-03 02:24:53,166 - mcp.server.lowlevel.server - DEBUG - Registering handler for ListToolsRequest
2025-04-03 02:24:53,166 - mcp.server.lowlevel.server - DEBUG - Registering handler for CallToolRequest
2025-04-03 02:24:53,166 - mcp.server.lowlevel.server - DEBUG - Registering handler for ListResourcesRequest
2025-04-03 02:24:53,166 - mcp.server.lowlevel.server - DEBUG - Registering handler for ReadResourceRequest
2025-04-03 02:24:53,166 - mcp.server.lowlevel.server - DEBUG - Registering handler for PromptListRequest
2025-04-03 02:24:53,166 - mcp.server.lowlevel.server - DEBUG - Registering handler for GetPromptRequest
2025-04-03 02:24:53,166 - mcp.server.lowlevel.server - DEBUG - Registering handler for ListResourceTemplatesRequest
2025-04-03 02:24:53,168 - mcp_lark_doc_manage.server - INFO - FastMCP server initialized successfully
Parsed tokens: [{'type': 'heading', 'attrs': {'level': 1}, 'style': 'atx', 'children': [{'type': 'text', 'raw': '列表测试'}]}, {'type': 'blank_line'}, {'type': 'heading', 'attrs': {'level': 2}, 'style': 'atx', 'children': [{'type': 'text', 'raw': '无序列表'}]}, {'type': 'list', 'children': [{'type': 'list_item', 'children': [{'type': 'block_text', 'children': [{'type': 'text', 'raw': '第一层无序列表项'}]}]}, {'type': 'list_item', 'children': [{'type': 'block_text', 'children': [{'type': 'text', 'raw': '第一层无序列表项'}]}, {'type': 'list', 'children': [{'type': 'list_item', 'children': [{'type': 'block_text', 'children': [{'type': 'text', 'raw': '第二层无序列表项'}]}]}, {'type': 'list_item', 'children': [{'type': 'block_text', 'children': [{'type': 'text', 'raw': '第二层无序列表项'}]}, {'type': 'list', 'children': [{'type': 'list_item', 'children': [{'type': 'block_text', 'children': [{'type': 'text', 'raw': '第三层无序列表项'}]}]}, {'type': 'list_item', 'children': [{'type': 'block_text', 'children': [{'type': 'text', 'raw': '第三层无序列表项'}]}, {'type': 'list', 'children': [{'type': 'list_item', 'children': [{'type': 'block_text', 'children': [{'type': 'text', 'raw': '第四层无序列表项'}]}]}, {'type': 'list_item', 'children': [{'type': 'block_text', 'children': [{'type': 'text', 'raw': '第四层无序列表项'}]}]}], 'tight': True, 'bullet': '-', 'attrs': {'depth': 3, 'ordered': False}}]}], 'tight': True, 'bullet': '-', 'attrs': {'depth': 2, 'ordered': False}}]}], 'tight': True, 'bullet': '-', 'attrs': {'depth': 1, 'ordered': False}}]}], 'tight': True, 'bullet': '-', 'attrs': {'depth': 0, 'ordered': False}}, {'type': 'heading', 'attrs': {'level': 2}, 'style': 'atx', 'children': [{'type': 'text', 'raw': '有序列表'}]}, {'type': 'list', 'children': [{'type': 'list_item', 'children': [{'type': 'block_text', 'children': [{'type': 'text', 'raw': '第一层有序列表项'}]}]}, {'type': 'list_item', 'children': [{'type': 'block_text', 'children': [{'type': 'text', 'raw': '第一层有序列表项'}]}, {'type': 'list', 'children': [{'type': 'list_item', 'children': [{'type': 'block_text', 'children': [{'type': 'text', 'raw': '第二层有序列表项'}]}]}, {'type': 'list_item', 'children': [{'type': 'block_text', 'children': [{'type': 'text', 'raw': '第二层有序列表项'}]}, {'type': 'list', 'children': [{'type': 'list_item', 'children': [{'type': 'block_text', 'children': [{'type': 'text', 'raw': '第三层有序列表项'}]}]}, {'type': 'list_item', 'children': [{'type': 'block_text', 'children': [{'type': 'text', 'raw': '第三层有序列表项'}]}, {'type': 'list', 'children': [{'type': 'list_item', 'children': [{'type': 'block_text', 'children': [{'type': 'text', 'raw': '第四层有序列表项'}]}]}, {'type': 'list_item', 'children': [{'type': 'block_text', 'children': [{'type': 'text', 'raw': '第四层有序列表项'}]}]}], 'tight': True, 'bullet': '.', 'attrs': {'depth': 3, 'ordered': True}}]}], 'tight': True, 'bullet': '.', 'attrs': {'depth': 2, 'ordered': True}}]}], 'tight': True, 'bullet': '.', 'attrs': {'depth': 1, 'ordered': True}}]}], 'tight': True, 'bullet': '.', 'attrs': {'depth': 0, 'ordered': True}}]
Type of result: {
    "children_id": [
        "1",
        "2",
        "3",
        "4",
        "5",
        "12",
        "13",
        "14",
        "15"
    ],
    "descendants": [
        {
            "block_type": 3,
            "block_id": "1",
            "heading1": {
                "elements": [
                    {
                        "text_run": {
                            "content": "\u5217\u8868\u6d4b\u8bd5",
                            "text_element_style": {
                                "bold": false,
                                "inline_code": false,
                                "italic": false,
                                "strikethrough": false,
                                "underline": false
                            }
                        }
                    }
                ],
                "style": {
                    "align": 1,
                    "folded": false
                }
            }
        },
        {
            "block_type": 2,
            "block_id": "2",
            "text": {
                "elements": [
                    {
                        "text_run": {
                            "content": "",
                            "text_element_style": {
                                "bold": false,
                                "inline_code": false,
                                "italic": false,
                                "strikethrough": false,
                                "underline": false
                            }
                        }
                    }
                ],
                "style": {
                    "align": 1,
                    "folded": false
                }
            }
        },
        {
            "block_type": 4,
            "block_id": "3",
            "heading2": {
                "elements": [
                    {
                        "text_run": {
                            "content": "\u65e0\u5e8f\u5217\u8868",
                            "text_element_style": {
                                "bold": false,
                                "inline_code": false,
                                "italic": false,
                                "strikethrough": false,
                                "underline": false
                            }
                        }
                    }
                ],
                "style": {
                    "align": 1,
                    "folded": false
                }
            }
        },
        {
            "block_type": 12,
            "block_id": "4",
            "bullet": {
                "elements": [
                    {
                        "text_run": {
                            "content": "\u7b2c\u4e00\u5c42\u65e0\u5e8f\u5217\u8868\u9879",
                            "text_element_style": {
                                "bold": false,
                                "inline_code": false,
                                "italic": false,
                                "strikethrough": false,
                                "underline": false
                            }
                        }
                    }
                ],
                "style": {
                    "align": 1,
                    "folded": false
                }
            }
        },
        {
            "block_type": 12,
            "block_id": "5",
            "bullet": {
                "elements": [
                    {
                        "text_run": {
                            "content": "\u7b2c\u4e00\u5c42\u65e0\u5e8f\u5217\u8868\u9879",
                            "text_element_style": {
                                "bold": false,
                                "inline_code": false,
                                "italic": false,
                                "strikethrough": false,
                                "underline": false
                            }
                        }
                    }
                ],
                "style": {
                    "align": 1,
                    "folded": false
                }
            },
            "children": [
                "6",
                "7"
            ]
        },
        {
            "block_type": 12,
            "block_id": "6",
            "bullet": {
                "elements": [
                    {
                        "text_run": {
                            "content": "\u7b2c\u4e8c\u5c42\u65e0\u5e8f\u5217\u8868\u9879",
                            "text_element_style": {
                                "bold": false,
                                "inline_code": false,
                                "italic": false,
                                "strikethrough": false,
                                "underline": false
                            }
                        }
                    }
                ],
                "style": {
                    "align": 1,
                    "folded": false
                }
            }
        },
        {
            "block_type": 12,
            "block_id": "7",
            "bullet": {
                "elements": [
                    {
                        "text_run": {
                            "content": "\u7b2c\u4e8c\u5c42\u65e0\u5e8f\u5217\u8868\u9879",
                            "text_element_style": {
                                "bold": false,
                                "inline_code": false,
                                "italic": false,
                                "strikethrough": false,
                                "underline": false
                            }
                        }
                    }
                ],
                "style": {
                    "align": 1,
                    "folded": false
                }
            },
            "children": [
                "8",
                "9"
            ]
        },
        {
            "block_type": 12,
            "block_id": "8",
            "bullet": {
                "elements": [
                    {
                        "text_run": {
                            "content": "\u7b2c\u4e09\u5c42\u65e0\u5e8f\u5217\u8868\u9879",
                            "text_element_style": {
                                "bold": false,
                                "inline_code": false,
                                "italic": false,
                                "strikethrough": false,
                                "underline": false
                            }
                        }
                    }
                ],
                "style": {
                    "align": 1,
                    "folded": false
                }
            }
        },
        {
            "block_type": 12,
            "block_id": "9",
            "bullet": {
                "elements": [
                    {
                        "text_run": {
                            "content": "\u7b2c\u4e09\u5c42\u65e0\u5e8f\u5217\u8868\u9879",
                            "text_element_style": {
                                "bold": false,
                                "inline_code": false,
                                "italic": false,
                                "strikethrough": false,
                                "underline": false
                            }
                        }
                    }
                ],
                "style": {
                    "align": 1,
                    "folded": false
                }
            },
            "children": [
                "10",
                "11"
            ]
        },
        {
            "block_type": 12,
            "block_id": "10",
            "bullet": {
                "elements": [
                    {
                        "text_run": {
                            "content": "\u7b2c\u56db\u5c42\u65e0\u5e8f\u5217\u8868\u9879",
                            "text_element_style": {
                                "bold": false,
                                "inline_code": false,
                                "italic": false,
                                "strikethrough": false,
                                "underline": false
                            }
                        }
                    }
                ],
                "style": {
                    "align": 1,
                    "folded": false
                }
            }
        },
        {
            "block_type": 12,
            "block_id": "11",
            "bullet": {
                "elements": [
                    {
                        "text_run": {
                            "content": "\u7b2c\u56db\u5c42\u65e0\u5e8f\u5217\u8868\u9879",
                            "text_element_style": {
                                "bold": false,
                                "inline_code": false,
                                "italic": false,
                                "strikethrough": false,
                                "underline": false
                            }
                        }
                    }
                ],
                "style": {
                    "align": 1,
                    "folded": false
                }
            }
        },
        {
            "block_type": 2,
            "block_id": "12",
            "text": {
                "elements": [
                    {
                        "text_run": {
                            "content": "",
                            "text_element_style": {
                                "bold": false,
                                "inline_code": false,
                                "italic": false,
                                "strikethrough": false,
                                "underline": false
                            }
                        }
                    }
                ],
                "style": {
                    "align": 1,
                    "folded": false
                }
            }
        },
        {
            "block_type": 4,
            "block_id": "13",
            "heading2": {
                "elements": [
                    {
                        "text_run": {
                            "content": "\u6709\u5e8f\u5217\u8868",
                            "text_element_style": {
                                "bold": false,
                                "inline_code": false,
                                "italic": false,
                                "strikethrough": false,
                                "underline": false
                            }
                        }
                    }
                ],
                "style": {
                    "align": 1,
                    "folded": false
                }
            }
        },
        {
            "block_type": 13,
            "block_id": "14",
            "ordered": {
                "elements": [
                    {
                        "text_run": {
                            "content": "\u7b2c\u4e00\u5c42\u6709\u5e8f\u5217\u8868\u9879",
                            "text_element_style": {
                                "bold": false,
                                "inline_code": false,
                                "italic": false,
                                "strikethrough": false,
                                "underline": false
                            }
                        }
                    }
                ],
                "style": {
                    "align": 1,
                    "folded": false,
                    "sequence": "1"
                }
            }
        },
        {
            "block_type": 13,
            "block_id": "15",
            "children": [
                "16",
                "17"
            ],
            "ordered": {
                "elements": [
                    {
                        "text_run": {
                            "content": "\u7b2c\u4e00\u5c42\u6709\u5e8f\u5217\u8868\u9879",
                            "text_element_style": {
                                "bold": false,
                                "inline_code": false,
                                "italic": false,
                                "strikethrough": false,
                                "underline": false
                            }
                        }
                    }
                ],
                "style": {
                    "align": 1,
                    "folded": false,
                    "sequence": "auto"
                }
            }
        },
        {
            "block_type": 13,
            "block_id": "16",
            "ordered": {
                "elements": [
                    {
                        "text_run": {
                            "content": "\u7b2c\u4e8c\u5c42\u6709\u5e8f\u5217\u8868\u9879",
                            "text_element_style": {
                                "bold": false,
                                "inline_code": false,
                                "italic": false,
                                "strikethrough": false,
                                "underline": false
                            }
                        }
                    }
                ],
                "style": {
                    "align": 1,
                    "folded": false,
                    "sequence": "1"
                }
            }
        },
        {
            "block_type": 13,
            "block_id": "17",
            "children": [
                "18",
                "19"
            ],
            "ordered": {
                "elements": [
                    {
                        "text_run": {
                            "content": "\u7b2c\u4e8c\u5c42\u6709\u5e8f\u5217\u8868\u9879",
                            "text_element_style": {
                                "bold": false,
                                "inline_code": false,
                                "italic": false,
                                "strikethrough": false,
                                "underline": false
                            }
                        }
                    }
                ],
                "style": {
                    "align": 1,
                    "folded": false,
                    "sequence": "auto"
                }
            }
        },
        {
            "block_type": 13,
            "block_id": "18",
            "ordered": {
                "elements": [
                    {
                        "text_run": {
                            "content": "\u7b2c\u4e09\u5c42\u6709\u5e8f\u5217\u8868\u9879",
                            "text_element_style": {
                                "bold": false,
                                "inline_code": false,
                                "italic": false,
                                "strikethrough": false,
                                "underline": false
                            }
                        }
                    }
                ],
                "style": {
                    "align": 1,
                    "folded": false,
                    "sequence": "1"
                }
            }
        },
        {
            "block_type": 13,
            "block_id": "19",
            "children": [
                "20",
                "21"
            ],
            "ordered": {
                "elements": [
                    {
                        "text_run": {
                            "content": "\u7b2c\u4e09\u5c42\u6709\u5e8f\u5217\u8868\u9879",
                            "text_element_style": {
                                "bold": false,
                                "inline_code": false,
                                "italic": false,
                                "strikethrough": false,
                                "underline": false
                            }
                        }
                    }
                ],
                "style": {
                    "align": 1,
                    "folded": false,
                    "sequence": "auto"
                }
            }
        },
        {
            "block_type": 13,
            "block_id": "20",
            "ordered": {
                "elements": [
                    {
                        "text_run": {
                            "content": "\u7b2c\u56db\u5c42\u6709\u5e8f\u5217\u8868\u9879",
                            "text_element_style": {
                                "bold": false,
                                "inline_code": false,
                                "italic": false,
                                "strikethrough": false,
                                "underline": false
                            }
                        }
                    }
                ],
                "style": {
                    "align": 1,
                    "folded": false,
                    "sequence": "1"
                }
            }
        },
        {
            "block_type": 13,
            "block_id": "21",
            "ordered": {
                "elements": [
                    {
                        "text_run": {
                            "content": "\u7b2c\u56db\u5c42\u6709\u5e8f\u5217\u8868\u9879",
                            "text_element_style": {
                                "bold": false,
                                "inline_code": false,
                                "italic": false,
                                "strikethrough": false,
                                "underline": false
                            }
                        }
                    }
                ],
                "style": {
                    "align": 1,
                    "folded": false,
                    "sequence": "auto"
                }
            }
        }
    ]
}
Results saved to 'debug_result.json' and 'debug_expected.json'
Type of expected: {
    "children_id": [
        "1",
        "2",
        "3",
        "4",
        "5",
        "12",
        "13",
        "14",
        "15"
    ],
    "descendants": [
        {
            "block_type": 3,
            "block_id": "1",
            "heading1": {
                "elements": [
                    {
                        "text_run": {
                            "content": "\u5217\u8868\u6d4b\u8bd5",
                            "text_element_style": {
                                "bold": false,
                                "inline_code": false,
                                "italic": false,
                                "strikethrough": false,
                                "underline": false
                            }
                        }
                    }
                ],
                "style": {
                    "align": 1,
                    "folded": false
                }
            }
        },
        {
            "block_type": 2,
            "block_id": "2",
            "text": {
                "elements": [
                    {
                        "text_run": {
                            "content": "",
                            "text_element_style": {
                                "bold": false,
                                "inline_code": false,
                                "italic": false,
                                "strikethrough": false,
                                "underline": false
                            }
                        }
                    }
                ],
                "style": {
                    "align": 1,
                    "folded": false
                }
            }
        },
        {
            "block_type": 4,
            "block_id": "3",
            "heading2": {
                "elements": [
                    {
                        "text_run": {
                            "content": "\u65e0\u5e8f\u5217\u8868",
                            "text_element_style": {
                                "bold": false,
                                "inline_code": false,
                                "italic": false,
                                "strikethrough": false,
                                "underline": false
                            }
                        }
                    }
                ],
                "style": {
                    "align": 1,
                    "folded": false
                }
            }
        },
        {
            "block_type": 12,
            "block_id": "4",
            "bullet": {
                "elements": [
                    {
                        "text_run": {
                            "content": "\u7b2c\u4e00\u5c42\u65e0\u5e8f\u5217\u8868\u9879",
                            "text_element_style": {
                                "bold": false,
                                "inline_code": false,
                                "italic": false,
                                "strikethrough": false,
                                "underline": false
                            }
                        }
                    }
                ],
                "style": {
                    "align": 1,
                    "folded": false
                }
            }
        },
        {
            "block_type": 12,
            "block_id": "5",
            "bullet": {
                "elements": [
                    {
                        "text_run": {
                            "content": "\u7b2c\u4e00\u5c42\u65e0\u5e8f\u5217\u8868\u9879",
                            "text_element_style": {
                                "bold": false,
                                "inline_code": false,
                                "italic": false,
                                "strikethrough": false,
                                "underline": false
                            }
                        }
                    }
                ],
                "style": {
                    "align": 1,
                    "folded": false
                }
            },
            "children": [
                "6",
                "7"
            ]
        },
        {
            "block_type": 12,
            "block_id": "6",
            "bullet": {
                "elements": [
                    {
                        "text_run": {
                            "content": "\u7b2c\u4e8c\u5c42\u65e0\u5e8f\u5217\u8868\u9879",
                            "text_element_style": {
                                "bold": false,
                                "inline_code": false,
                                "italic": false,
                                "strikethrough": false,
                                "underline": false
                            }
                        }
                    }
                ],
                "style": {
                    "align": 1,
                    "folded": false
                }
            }
        },
        {
            "block_type": 12,
            "block_id": "7",
            "bullet": {
                "elements": [
                    {
                        "text_run": {
                            "content": "\u7b2c\u4e8c\u5c42\u65e0\u5e8f\u5217\u8868\u9879",
                            "text_element_style": {
                                "bold": false,
                                "inline_code": false,
                                "italic": false,
                                "strikethrough": false,
                                "underline": false
                            }
                        }
                    }
                ],
                "style": {
                    "align": 1,
                    "folded": false
                }
            },
            "children": [
                "8",
                "9"
            ]
        },
        {
            "block_type": 12,
            "block_id": "8",
            "bullet": {
                "elements": [
                    {
                        "text_run": {
                            "content": "\u7b2c\u4e09\u5c42\u65e0\u5e8f\u5217\u8868\u9879",
                            "text_element_style": {
                                "bold": false,
                                "inline_code": false,
                                "italic": false,
                                "strikethrough": false,
                                "underline": false
                            }
                        }
                    }
                ],
                "style": {
                    "align": 1,
                    "folded": false
                }
            }
        },
        {
            "block_type": 12,
            "block_id": "9",
            "bullet": {
                "elements": [
                    {
                        "text_run": {
                            "content": "\u7b2c\u4e09\u5c42\u65e0\u5e8f\u5217\u8868\u9879",
                            "text_element_style": {
                                "bold": false,
                                "inline_code": false,
                                "italic": false,
                                "strikethrough": false,
                                "underline": false
                            }
                        }
                    }
                ],
                "style": {
                    "align": 1,
                    "folded": false
                }
            },
            "children": [
                "10",
                "11"
            ]
        },
        {
            "block_type": 12,
            "block_id": "10",
            "bullet": {
                "elements": [
                    {
                        "text_run": {
                            "content": "\u7b2c\u56db\u5c42\u65e0\u5e8f\u5217\u8868\u9879",
                            "text_element_style": {
                                "bold": false,
                                "inline_code": false,
                                "italic": false,
                                "strikethrough": false,
                                "underline": false
                            }
                        }
                    }
                ],
                "style": {
                    "align": 1,
                    "folded": false
                }
            }
        },
        {
            "block_type": 12,
            "block_id": "11",
            "bullet": {
                "elements": [
                    {
                        "text_run": {
                            "content": "\u7b2c\u56db\u5c42\u65e0\u5e8f\u5217\u8868\u9879",
                            "text_element_style": {
                                "bold": false,
                                "inline_code": false,
                                "italic": false,
                                "strikethrough": false,
                                "underline": false
                            }
                        }
                    }
                ],
                "style": {
                    "align": 1,
                    "folded": false
                }
            }
        },
        {
            "block_type": 2,
            "block_id": "12",
            "text": {
                "elements": [
                    {
                        "text_run": {
                            "content": "",
                            "text_element_style": {
                                "bold": false,
                                "inline_code": false,
                                "italic": false,
                                "strikethrough": false,
                                "underline": false
                            }
                        }
                    }
                ],
                "style": {
                    "align": 1,
                    "folded": false
                }
            }
        },
        {
            "block_type": 4,
            "block_id": "13",
            "heading2": {
                "elements": [
                    {
                        "text_run": {
                            "content": "\u6709\u5e8f\u5217\u8868",
                            "text_element_style": {
                                "bold": false,
                                "inline_code": false,
                                "italic": false,
                                "strikethrough": false,
                                "underline": false
                            }
                        }
                    }
                ],
                "style": {
                    "align": 1,
                    "folded": false
                }
            }
        },
        {
            "block_type": 13,
            "block_id": "14",
            "ordered": {
                "elements": [
                    {
                        "text_run": {
                            "content": "\u7b2c\u4e00\u5c42\u6709\u5e8f\u5217\u8868\u9879",
                            "text_element_style": {
                                "bold": false,
                                "inline_code": false,
                                "italic": false,
                                "strikethrough": false,
                                "underline": false
                            }
                        }
                    }
                ],
                "style": {
                    "align": 1,
                    "folded": false,
                    "sequence": "1"
                }
            }
        },
        {
            "block_type": 13,
            "block_id": "15",
            "children": [
                "16",
                "17"
            ],
            "ordered": {
                "elements": [
                    {
                        "text_run": {
                            "content": "\u7b2c\u4e00\u5c42\u6709\u5e8f\u5217\u8868\u9879",
                            "text_element_style": {
                                "bold": false,
                                "inline_code": false,
                                "italic": false,
                                "strikethrough": false,
                                "underline": false
                            }
                        }
                    }
                ],
                "style": {
                    "align": 1,
                    "folded": false,
                    "sequence": "auto"
                }
            }
        },
        {
            "block_type": 13,
            "block_id": "16",
            "ordered": {
                "elements": [
                    {
                        "text_run": {
                            "content": "\u7b2c\u4e8c\u5c42\u6709\u5e8f\u5217\u8868\u9879",
                            "text_element_style": {
                                "bold": false,
                                "inline_code": false,
                                "italic": false,
                                "strikethrough": false,
                                "underline": false
                            }
                        }
                    }
                ],
                "style": {
                    "align": 1,
                    "folded": false,
                    "sequence": "1"
                }
            }
        },
        {
            "block_type": 13,
            "block_id": "17",
            "children": [
                "18",
                "19"
            ],
            "ordered": {
                "elements": [
                    {
                        "text_run": {
                            "content": "\u7b2c\u4e8c\u5c42\u6709\u5e8f\u5217\u8868\u9879",
                            "text_element_style": {
                                "bold": false,
                                "inline_code": false,
                                "italic": false,
                                "strikethrough": false,
                                "underline": false
                            }
                        }
                    }
                ],
                "style": {
                    "align": 1,
                    "folded": false,
                    "sequence": "auto"
                }
            }
        },
        {
            "block_type": 13,
            "block_id": "18",
            "ordered": {
                "elements": [
                    {
                        "text_run": {
                            "content": "\u7b2c\u4e09\u5c42\u6709\u5e8f\u5217\u8868\u9879",
                            "text_element_style": {
                                "bold": false,
                                "inline_code": false,
                                "italic": false,
                                "strikethrough": false,
                                "underline": false
                            }
                        }
                    }
                ],
                "style": {
                    "align": 1,
                    "folded": false,
                    "sequence": "1"
                }
            }
        },
        {
            "block_type": 13,
            "block_id": "19",
            "children": [
                "20",
                "21"
            ],
            "ordered": {
                "elements": [
                    {
                        "text_run": {
                            "content": "\u7b2c\u4e09\u5c42\u6709\u5e8f\u5217\u8868\u9879",
                            "text_element_style": {
                                "bold": false,
                                "inline_code": false,
                                "italic": false,
                                "strikethrough": false,
                                "underline": false
                            }
                        }
                    }
                ],
                "style": {
                    "align": 1,
                    "folded": false,
                    "sequence": "auto"
                }
            }
        },
        {
            "block_type": 13,
            "block_id": "20",
            "ordered": {
                "elements": [
                    {
                        "text_run": {
                            "content": "\u7b2c\u56db\u5c42\u6709\u5e8f\u5217\u8868\u9879",
                            "text_element_style": {
                                "bold": false,
                                "inline_code": false,
                                "italic": false,
                                "strikethrough": false,
                                "underline": false
                            }
                        }
                    }
                ],
                "style": {
                    "align": 1,
                    "folded": false,
                    "sequence": "1"
                }
            }
        },
        {
            "block_type": 13,
            "block_id": "21",
            "ordered": {
                "elements": [
                    {
                        "text_run": {
                            "content": "\u7b2c\u56db\u5c42\u6709\u5e8f\u5217\u8868\u9879 ",
                            "text_element_style": {
                                "bold": false,
                                "inline_code": false,
                                "italic": false,
                                "strikethrough": false,
                                "underline": false
                            }
                        }
                    }
                ],
                "style": {
                    "align": 1,
                    "folded": false,
                    "sequence": "auto"
                }
            }
        }
    ]
}
